src/components/chatbot/ChatInput.tsx(1,35): error TS1484: 'KeyboardEvent' is a type and must be imported using a type-only import when 'verbatimModuleSyntax' is enabled.
src/components/chatbot/ChatInput.tsx(1,50): error TS1484: 'ChangeEvent' is a type and must be imported using a type-only import when 'verbatimModuleSyntax' is enabled.
src/components/chatbot/ChatWidget.tsx(17,9): error TS6133: 'toggleChat' is declared but its value is never read.
src/components/chatbot/ChatWidget.tsx(39,23): error TS6133: 'newZoom' is declared but its value is never read.
src/components/chatbot/ChatWidget.tsx(46,23): error TS6133: 'newZoom' is declared but its value is never read.
src/components/chatbot/QuickActions.tsx(2,1): error TS6192: All imports in import declaration are unused.
src/contexts/ChatbotContext.tsx(117,11): error TS6133: 'analyzeSentiment' is declared but its value is never read.
